// Jest Snapshot v1, https://jestjs.io/docs/snapshot-testing

exports[`with browser requests GET http://127.0.0.1:7373/echo 1`] = `
"GET /echo HTTP/1.1
Host: 127.0.0.1:7373
User-Agent: RESTer
Accept: text/plain
Accept-Language: en
Accept-Encoding: gzip, deflate, br, zstd
Connection: keep-alive
Sec-Fetch-Dest: empty
Sec-Fetch-Mode: cors
Sec-Fetch-Site: same-origin
Priority: u=4
Pragma: no-cache
Cache-Control: no-cache"
`;

exports[`with browser requests GET http://127.0.0.1:7373/echo with cookie 1`] = `
"GET /echo HTTP/1.1
Host: 127.0.0.1:7373
User-Agent: RESTer
Accept: */*
Accept-Language: en
Accept-Encoding: gzip, deflate, br, zstd
Connection: keep-alive
Cookie: number1=10; number2=200; number3=300
Sec-Fetch-Dest: empty
Sec-Fetch-Mode: cors
Sec-Fetch-Site: same-origin
Priority: u=4
Pragma: no-cache
Cache-Control: no-cache"
`;

exports[`with browser requests POST http://127.0.0.1:7373/echo 1`] = `
"POST /echo HTTP/1.1
Host: 127.0.0.1:7373
User-Agent: RESTer
Accept: */*
Accept-Language: en
Accept-Encoding: gzip, deflate, br, zstd
Content-Type: application/x-www-form-urlencoded
Content-Length: 25
Origin: moz-extension://595108c3-fc1a-46bc-a6f6-918a6b1898aa
Connection: keep-alive
Sec-Fetch-Dest: empty
Sec-Fetch-Mode: cors
Sec-Fetch-Site: same-origin
Custom-Header: **http://127.0.0.1:7373**
Priority: u=4
Pragma: no-cache
Cache-Control: no-cache

user=test&token=a%26b%3Dc"
`;

exports[`with browser requests POST http://127.0.0.1:7373/redirect?how=307 1`] = `
"POST /echo HTTP/1.1
Host: 127.0.0.1:7373
User-Agent: RESTer
Accept: */*
Accept-Language: en
Accept-Encoding: gzip, deflate, br, zstd
Content-Type: text/plain;charset=UTF-8
Content-Length: 0
Origin: moz-extension://595108c3-fc1a-46bc-a6f6-918a6b1898aa
Connection: keep-alive
Sec-Fetch-Dest: empty
Sec-Fetch-Mode: cors
Sec-Fetch-Site: same-origin
Priority: u=4
Pragma: no-cache
Cache-Control: no-cache

"
`;

exports[`with clean requests GET http://127.0.0.1:7373/echo 1`] = `
"GET /echo HTTP/1.1
Host: 127.0.0.1:7373
User-Agent: RESTer
Accept: text/plain
Priority: u=4
Pragma: no-cache
Cache-Control: no-cache"
`;

exports[`with clean requests GET http://127.0.0.1:7373/echo with cookie 1`] = `
"GET /echo HTTP/1.1
Host: 127.0.0.1:7373
User-Agent: RESTer
Cookie: number2=200;number3=300
Priority: u=4
Pragma: no-cache
Cache-Control: no-cache"
`;

exports[`with clean requests POST http://127.0.0.1:7373/echo 1`] = `
"POST /echo HTTP/1.1
Host: 127.0.0.1:7373
User-Agent: RESTer
Content-Type: application/x-www-form-urlencoded
Content-Length: 25
Custom-Header: **http://127.0.0.1:7373**
Priority: u=4
Pragma: no-cache
Cache-Control: no-cache

user=test&token=a%26b%3Dc"
`;

exports[`with clean requests POST http://127.0.0.1:7373/redirect?how=307 1`] = `""`;
